===== lead_conversions run start: 2026-07-25 09:35:48 =====
lead_id 1 | ashish gunjal | status contacted
searching number 9987261525
client not found in branch_id 3782, navi_mumbai_-_seawoods


lead_id 2 | raidr bapu b | status contacted
searching number 8306549819
client not found in branch_id 3782, navi_mumbai_-_seawoods


lead_id 3 | Shailesh B | status contacted
searching number 8369676845
found client in branch_id 3782, navi mumbai - seawoods
no valid invoice found


lead_id 4 | Preeti | status contacted
searching number 8076985711
client not found in branch_id 3782, navi mumbai - seawoods


lead_id 5 | Bzgtnghgnbgidyanand Mahto Bidyanand | status new
searching number 7304866279
client not found in branch_id 3000, andheri east


lead_id 6 | laxman👑👑😈  Bheel 👿👑😈 ak  👿👑😈🖕47 | status contacted
searching number 9509076349
client not found in branch_id 4185, malad west


lead_id 7 | Sumitra Agrawal | status new
searching number 7715914353
client not found in branch_id 4185, malad west


lead_id 9 | Ruby Modak | status contacted
searching number 9833983846
client not found in branch_id 3782, navi mumbai - seawoods


lead_id 11 | y_a_s_h_p_a_t_i_l | status contacted
searching number 9322629897
skipped: no Dingg session for branch_id 5001, Palghar


lead_id 12 | Veeresh Veeresh | status contacted
searching number 8688697201
client not found in branch_id 3782, navi mumbai - seawoods


lead_id 13 | Bhavana Rambhiya | status contacted
searching number 9821373047
client not found in branch_id 3782, navi mumbai - seawoods


lead_id 14 | shubham wankhede | status contacted
searching number 8788571984
client not found in branch_id 3782, navi mumbai - seawoods


lead_id 16 | Manvi Singh | status contacted
searching number 9537373485
client not found in branch_id 3782, navi mumbai - seawoods


lead_id 17 | Jatin Sankhe | status contacted
searching number 9764282122
skipped: no Dingg session for branch_id 5001, palghar


lead_id 18 | jayshree bhagat | status contacted
searching number 7798520666
skipped: no Dingg session for branch_id 5001, palghar


lead_id 19 | Padam R Jain | status new
searching number 7738881527
found client in branch_id 4185, malad west
found invoice 2026-06-16, amount  - Rs. 2200.00


lead_id 20 | Radha Yadav | status new
searching number 6202703163
client not found in branch_id 3000, andheri east


lead_id 21 | रोहित (⁠•⁠‿⁠•⁠) | status contacted
searching number 7828065342
client not found in branch_id 3780, thane


lead_id 22 | ganesh lal | status follow_up
searching number 7875688580
skipped: no Dingg session for branch_id 5001, palghar


lead_id 23 | nikhil Srivastava | status new
searching number 9820955908
client not found in branch_id 4185, malad west


lead_id 24 | Veena Dhulia | status new
searching number 7506805101
client not found in branch_id 4185, malad west


lead_id 26 | Mohan B Prajapati | status new
searching number 9821789166
client not found in branch_id 4185, malad west


lead_id 28 | ,rambahadur8655121526 | status contacted
searching number 8655121526
client not found in branch_id 2935, powai


lead_id 31 | MEE णा जी | status new
searching number 9672567523
client not found in branch_id 3782, navi mumbai - seawoods


lead_id 32 | deva singh | status new
searching number 9893294589
client not found in branch_id 3782, navi mumbai - seawoods


lead_id 33 | Yashika Prajapati | status new
searching number 7304095407
client not found in branch_id 3782, navi mumbai - seawoods


lead_id 35 | Anuradha | status new
searching number 9892043647
client not found in branch_id 3782, navi mumbai - seawoods


lead_id 37 | Mehebub Alam | status contacted
searching number 7047289315
client not found in branch_id 3000, andheri east


lead_id 38 | Karan Kol | status contacted
searching number 6356154958
skipped: no Dingg session for branch_id 5001, palghar


lead_id 40 | surekha nakti | status new
searching number 9920026709
client not found in branch_id 3782, navi mumbai - seawoods


lead_id 41 | Nilima Rayat | status contacted
searching number 7972531201
skipped: no Dingg session for branch_id 5001, palghar


lead_id 42 | Ramchandra Joshi | status follow_up
searching number 9920902491
client not found in branch_id 3780, thane


lead_id 43 | Dnyashwar 5911 | status contacted
searching number 9130426424
skipped: no Dingg session for branch_id 5001, palghar


lead_id 45 | कुलदीप सेन | status contacted
searching number 9244679976
client not found in branch_id 3782, navi mumbai - seawoods


lead_id 46 | Arnika Toppo | status contacted
searching number 7368891369
client not found in branch_id 2935, powai


lead_id 47 | Premila Rambhia | status contacted
searching number 8108383005
client not found in branch_id 4507, Lokhandwala


lead_id 48 | Anil.govind kulkarni | status contacted
searching number 9226895815
client not found in branch_id 4456, Boisar


lead_id 49 | Akshay Mor | status contacted
searching number 9022180263
client not found in branch_id 4456, Boisar


lead_id 50 | zari shaikh | status contacted
searching number 9867328272
client not found in branch_id 3782, navi mumbai - seawoods


lead_id 51 | Shilpa  Devendr Shirsekar | status new
searching number 9819801522
client not found in branch_id 4507, lokhandwala


lead_id 52 | mr karan   Chavan | status contacted
searching number 9860687273
skipped: no Dingg session for branch_id 5001, palghar


lead_id 53 | Vikas Gupta | status contacted
searching number 9820777080
client not found in branch_id 2973, borivali


lead_id 54 | Bharati Bhivandi Wala | status contacted
searching number 9167338184
client not found in branch_id 2935, powai


lead_id 55 | Daksha Chawda Chauhan | status new
searching number 9833101286
client not found in branch_id 4185, malad west


lead_id 56 | AmeeMehta | status contacted
searching number 9820137837
client not found in branch_id 2973, borivali


lead_id 57 | Deepa Chapru Khatanhar | status contacted
searching number 8779638413
client not found in branch_id 3782, navi mumbai - seawoods


lead_id 59 | Jenny Bhagat | status new
searching number 9820034296
client not found in branch_id 4507, lokhandwala


lead_id 60 | Karan Kumar Kumar | status new
searching number 7091267574
client not found in branch_id 4185, malad west


lead_id 61 | Saryu Shah | status new
searching number 9820731113
client not found in branch_id 4507, lokhandwala


lead_id 62 | Santosh Bansode | status contacted
searching number 9011633314
skipped: no Dingg session for branch_id 5001, palghar


lead_id 63 | anju lahange | status contacted
searching number 9322815038
skipped: no Dingg session for branch_id 5001, palghar


lead_id 64 | Yasmeen Patel | status follow_up
searching number 9029214692
client not found in branch_id 3000, andheri east


lead_id 65 | Kishor Dattatrey Zaware | status contacted
searching number 9757207274
client not found in branch_id 3782, navi mumbai - seawoods


lead_id 66 | Suchita Varma | status contacted
searching number 9987060307
client not found in branch_id 3782, navi mumbai - seawoods


lead_id 67 | Sk Basarul | status contacted
searching number 9073076572
client not found in branch_id 3782, navi mumbai - seawoods


lead_id 68 | Sudhakar Shingare | status contacted
searching number 9718608182
client not found in branch_id 3782, navi mumbai - seawoods


lead_id 69 | Akshay Ghosh | status contacted
searching number 9614403380
client not found in branch_id 3780, thane


lead_id 70 | Payal Talole | status contacted
searching number 9819536675
client not found in branch_id 3780, thane


lead_id 71 | Rekha Prakash Shah | status follow_up
searching number 8291591767
client not found in branch_id 2935, powai


lead_id 72 | mi,Ra,,Aa,,sa,up,90,,banda,boos,keng | status contacted
searching number 7566690162
client not found in branch_id 3782, navi mumbai - seawoods


lead_id 75 | Sneha S. Darooka | status new
searching number 9321715200
client not found in branch_id 3000, andheri east


lead_id 76 | Anita Malaviya Veer | status new
searching number 9892377375
client not found in branch_id 4507, lokhandwala


lead_id 77 | jayshree akshay gaikwad | status contacted
searching number 8669803044
skipped: no Dingg session for branch_id 5001, palghar


lead_id 78 | Keshavraj Kunwar | status contacted
searching number 8087196766
client not found in branch_id 4456, boisar


lead_id 79 | AKASH Sharma | status new
searching number 7068357409
client not found in branch_id 4507, lokhandwala


lead_id 80 | Rajesh Gandhi | status contacted
searching number 9987796361
client not found in branch_id 3782, navi mumbai - seawoods


lead_id 81 | Suchita Santosh Killekar Killekar | status contacted
searching number 9112852994
skipped: no Dingg session for branch_id 5001, palghar


lead_id 82 | Gayashankar Dixit | status contacted
searching number 8482828820
skipped: no Dingg session for branch_id 5001, palghar


lead_id 83 | Naren Patil | status contacted
searching number 9823943038
skipped: no Dingg session for branch_id 5001, palghar


lead_id 84 | Karishma Pawar | status contacted
searching number 9021484008
skipped: no Dingg session for branch_id 5001, palghar


lead_id 85 | Shehnaz shakeel shaikh | status follow_up
searching number 8779636326
client not found in branch_id 3000, andheri east


lead_id 86 | Priyanka Chavan 002 | status contacted
searching number 8010349846
skipped: no Dingg session for branch_id 5001, palghar


lead_id 87 | Manju rajput | status contacted
searching number 8239295021
skipped: no Dingg session for branch_id 5001, palghar


lead_id 88 | Radhika | status new
searching number 9819475225
client not found in branch_id 4507, lokhandwala


lead_id 89 | Shraddha Mirajkar Shraddha | status contacted
searching number 8850330832
client not found in branch_id 3780, thane


lead_id 90 | Sunil Kumar | status contacted
searching number 9026746372
client not found in branch_id 3782, navi mumbai - seawoods


lead_id 91 | Suburaj Nadar | status new
searching number 8355901739
client not found in branch_id 4507, lokhandwala


lead_id 92 | Vijay Paradke | status contacted
searching number 8263941190
skipped: no Dingg session for branch_id 5001, palghar


lead_id 94 | Chinu Ghosh | status new
searching number 9769600845
client not found in branch_id 4185, malad west


lead_id 95 | Sheetal Shah | status new
searching number 9867911453
client not found in branch_id 4185, malad west


lead_id 96 | Jeetu Kumar | status contacted
searching number 7879038795
client not found in branch_id 3782, navi mumbai - seawoods


lead_id 97 | Shyamali Goswami | status new
searching number 9136008537
client not found in branch_id 4507, lokhandwala


lead_id 98 | Arif Shaikh | status follow_up
searching number 7977568933
client not found in branch_id 3000, andheri east


lead_id 99 | Mahesh Hadal | status contacted
searching number 9923948390
skipped: no Dingg session for branch_id 5001, palghar


lead_id 100 | Rajkumar Kumar | status contacted
searching number 9234611439
client not found in branch_id 3782, navi mumbai - seawoods


lead_id 101 | Deepak Balaskar | status new
searching number 9768974419
client not found in branch_id 4507, lokhandwala


lead_id 102 | noori bano | status contacted
searching number 7738846463
client not found in branch_id 3782, navi mumbai - seawoods


lead_id 103 | mamta | status contacted
searching number 8149585103
skipped: no Dingg session for branch_id 5001, palghar


lead_id 104 | Kalpesh Hadal | status contacted
searching number 8432492614
skipped: no Dingg session for branch_id 5001, palghar


lead_id 105 | انکیتا | status contacted
searching number 9130491535
skipped: no Dingg session for branch_id 5001, palghar


lead_id 106 | Anil Zanje | status contacted
searching number 7666763283
client not found in branch_id 3782, navi mumbai - seawoods


lead_id 107 | Ngamchi Pullom Kamdong Ngamchi | status contacted
searching number 9233434802
client not found in branch_id 3782, navi mumbai - seawoods


lead_id 108 | शोभा गवादे | status contacted
searching number 9167136776
client not found in branch_id 2935, powai


lead_id 109 | Vijay Shakya | status new
searching number 9286208648
client not found in branch_id 3782, navi mumbai - seawoods


lead_id 110 | Shabnam | status new
searching number 9321288493
client not found in branch_id 4185, malad west


lead_id 111 | Umar Ansari | status new
searching number 8879809980
client not found in branch_id 4507, lokhandwala


lead_id 112 | kartik verma | status contacted
searching number 9376750012
skipped: no Dingg session for branch_id 5001, palghar


lead_id 113 | Kaníràm Ràthod | status contacted
searching number 9834661787
client not found in branch_id 4456, boisar


lead_id 114 | Aman Kumar | status new
searching number 9334215934
client not found in branch_id 3782, navi mumbai - seawoods


lead_id 115 | Sarvesh Yadav | status contacted
searching number 9619548001
client not found in branch_id 3780, thane


lead_id 116 | Mahendra Karotra | status follow_up
searching number 8976679776
client not found in branch_id 3000, andheri east


lead_id 117 | Vishwas Maheshwari | status contacted
searching number 9927097871
client not found in branch_id 3780, thane


lead_id 118 | रोशन तांबीटकर | status follow_up
searching number 7350039958
skipped: no Dingg session for branch_id 5001, palghar


lead_id 119 | ♡ دعا فاطمہ♡ | status new
searching number 9326329350
client not found in branch_id 3782, navi mumbai - seawoods


lead_id 120 | laldasahire | status contacted
searching number 9284011662
skipped: no Dingg session for branch_id 5001, palghar


lead_id 121 | MOBINSEKIH | status new
searching number 8424008774
client not found in branch_id 4507, lokhandwala


lead_id 122 | Parabin Sahani | status contacted
searching number 8543078481
skipped: no Dingg session for branch_id 5001, palghar


lead_id 123 | सागर भाऊसाहेब डांगे | status contacted
searching number 9922585157
skipped: no Dingg session for branch_id 5001, palghar


lead_id 124 | ujala | status new
searching number 9214302172
client not found in branch_id 3782, navi mumbai - seawoods


lead_id 125 | ᒍᗩTIᑎᔕᕼEᒪKE | status contacted
searching number 9172194303
skipped: no Dingg session for branch_id 5001, palghar


lead_id 126 | mahsh sad  ai harts 720 | status new
searching number 9313855140
client not found in branch_id 4185, malad west


lead_id 127 | vinita rawaliya | status contacted
searching number 8879420735
skipped: no Dingg session for branch_id 5001, palghar


lead_id 128 | Bikash Kumar | status contacted
searching number 9065161719
skipped: no Dingg session for branch_id 5001, palghar


lead_id 129 | swara patil 29 | status contacted
searching number 7666787126
skipped: no Dingg session for branch_id 5001, palghar


lead_id 130 | Sunita Mondkar | status new
searching number 9223231887
client not found in branch_id 4507, lokhandwala


lead_id 131 | Mitiksha Tharali Ghorpade | status new
searching number 9773742441
client not found in branch_id 3782, navi mumbai - seawoods


lead_id 132 | Shiv Ji | status new
searching number 9795228242
client not found in branch_id 4507, lokhandwala


lead_id 133 | Joshna Rajput Joshnarajput | status new
searching number 9773676760
client not found in branch_id 4185, malad west


lead_id 134 | Biswajit Khatua | status contacted
searching number 9082441240
client not found in branch_id 2935, powai


lead_id 135 | sanskar devkar | status contacted
searching number 9022250073
skipped: no Dingg session for branch_id 5001, palghar


lead_id 136 | S.A. K | status contacted
searching number 9284108907
client not found in branch_id 4456, boisar


lead_id 137 | Jadav Dinesh | status contacted
searching number 8780406287
skipped: no Dingg session for branch_id 5001, palghar


lead_id 138 | Saroyan Mondal | status contacted
searching number 8597824092
skipped: no Dingg session for branch_id 5001, palghar


lead_id 139 | Hukum Bk | status follow_up
searching number 7506509918
client not found in branch_id 3000, andheri east


lead_id 140 | Manoj Chandvanshi | status follow_up
searching number 8976090316
client not found in branch_id 3000, andheri east


lead_id 141 | Prajakta Parashar Suryawanshi | status contacted
searching number 8390304543
client not found in branch_id 2973, borivali


lead_id 142 | Geeta Nandu | status new
searching number 9029404802
client not found in branch_id 4507, lokhandwala


lead_id 143 | Manoj Jha | status follow_up
searching number 9004243430
client not found in branch_id 3000, andheri east


lead_id 144 | Satna Kewat | status new
searching number 9769498978
client not found in branch_id 3781, mulund


lead_id 145 | Salman Shaikh | status new
searching number 9833715781
client not found in branch_id 4185, malad west


lead_id 146 | Shri Narayan Shrinarayan | status contacted
searching number 7021693880
client not found in branch_id 2973, borivali


lead_id 147 | Lata Tanpure | status new
searching number 8850106758
client not found in branch_id 3782, navi mumbai - seawoods


lead_id 148 | RohitBind | status new
searching number 7020610421
client not found in branch_id 3782, navi mumbai - seawoods


lead_id 149 | Sheel Wagh | status contacted
searching number 7045189021
client not found in branch_id 3780, thane


lead_id 150 | Ramchandr Pandith | status contacted
searching number 8483991743
client not found in branch_id 4456, boisar


lead_id 151 | balu dadmal | status new
searching number 9011633810
client not found in branch_id 3782, navi mumbai - seawoods


lead_id 152 | Mohammed Ayub | status new
searching number 7045460031
client not found in branch_id 4507, lokhandwala


lead_id 153 | Nalin Chaudhary | status contacted
searching number 9172145877
client not found in branch_id 3780, thane


lead_id 154 | Sabastain Borges | status booked
searching number 9820238354
client not found in branch_id 2973, borivali


lead_id 155 | Raj Gupta | status new
searching number 7706859357
client not found in branch_id 4185, malad west


lead_id 157 | Satish Rai | status contacted
searching number 7458820200
skipped: no Dingg session for branch_id 5001, palghar


lead_id 158 | Rajanikant Mantri | status new
searching number 9920404664
client not found in branch_id 4185, malad west


lead_id 159 | Sadanand Khanvilkar | status contacted
searching number 9833653897
client not found in branch_id 3780, thane


lead_id 160 | Bharam T K S | status contacted
searching number 8894486761
client not found in branch_id 3000, andheri east


lead_id 161 | Trupti Joshi | status new
searching number 9967349844
client not found in branch_id 4185, malad west


lead_id 162 | Jamnu Bhavnani | status follow_up
searching number 9930679722
client not found in branch_id 3000, andheri east


lead_id 163 | Manoj Malto | status follow_up
searching number 9110971395
client not found in branch_id 3000, andheri east


lead_id 164 | Suresh Kalokhe | status new
searching number 8652448260
client not found in branch_id 4507, lokhandwala


lead_id 165 | Mangesh Kamble | status new
searching number 9619420023
client not found in branch_id 4185, malad west


lead_id 166 | Knikram Sig | status new
searching number 9930197837
client not found in branch_id 4507, lokhandwala


lead_id 167 | Kamlesh Dhurve | status new
searching number 8103561506
client not found in branch_id 3782, navi mumbai - seawoods


lead_id 168 | Kajal Shirke | status new
searching number 9867244356
client not found in branch_id 3782, navi mumbai - seawoods


lead_id 169 | जय आदिवासी | status contacted
searching number 7822895850
skipped: no Dingg session for branch_id 5001, palghar


lead_id 170 | Raju Barela | status new
searching number 9098274260
client not found in branch_id 3782, navi mumbai - seawoods


lead_id 171 | Ram Keval | status new
searching number 9621712068
client not found in branch_id 4507, lokhandwala


lead_id 172 | Bariya Bariya | status contacted
searching number 7723084337
skipped: no Dingg session for branch_id 5001, palghar


lead_id 173 | ❤️🎀 Kajal 🕊️🦋 | status contacted
searching number 8956118781
skipped: no Dingg session for branch_id 5001, palghar


lead_id 174 | Sagar Kumar | status contacted
searching number 8976090392
client not found in branch_id 3780, thane


lead_id 175 | Sumit Jaiswal | status new
searching number 9930659167
client not found in branch_id 4185, malad west


lead_id 176 | Anwar Hussain Choudhary | status new
searching number 9702363678
client not found in branch_id 4507, lokhandwala


lead_id 177 | Chhiteshwar Kumar | status contacted
searching number 7052761542
client not found in branch_id 4456, boisar


lead_id 178 | Tikam ram dhruw | status new
searching number 9244749112
client not found in branch_id 3782, navi mumbai - seawoods


lead_id 179 | Sabir Ansari | status new
searching number 8210771321
client not found in branch_id 3782, navi mumbai - seawoods


lead_id 181 | SANDHU | status new
searching number 9872392020
client not found in branch_id 3782, navi mumbai - seawoods


lead_id 182 | ☆ | status contacted
searching number 9648073486
skipped: no Dingg session for branch_id 5001, palghar


lead_id 183 | ☦︎𝔠𝔥𝔞𝔫𝔡u͜͡😍 | status contacted
searching number 8767470576
skipped: no Dingg session for branch_id 5001, palghar


lead_id 185 | Sujay Shet | status new
searching number 9029218428
found client in branch_id 4507, lokhandwala
no valid invoice found


lead_id 186 | Raja Babu | status new
searching number 7052712047
client not found in branch_id 4507, lokhandwala


lead_id 187 | Greeshma Nair | status contacted
searching number 9172710612
client not found in branch_id 3780, thane


lead_id 188 | Atika Raut Abdul | status contacted
searching number 8657651945
client not found in branch_id 2935, powai


lead_id 189 | Suresh Patel | status new
searching number 7568448398
client not found in branch_id 3782, navi mumbai - seawoods


lead_id 191 | noorbanu | status follow_up
searching number 8805933060
skipped: no Dingg session for branch_id 5001, palghar


lead_id 192 | Vimal Kashyap | status new
searching number 7017209289
client not found in branch_id 4185, malad west


lead_id 193 | Harshad Joshi Joshi | status contacted
searching number 8850237985
client not found in branch_id 2935, powai


lead_id 194 | poonam | status new
searching number 9991806699
client not found in branch_id 3782, navi mumbai - seawoods


lead_id 197 | Dhawal Shah | status contacted
searching number 9324742346
client not found in branch_id 2973, borivali


lead_id 198 | Radhika | status new
searching number 9819475225
client not found in branch_id 4185, malad


lead_id 199 | Sengupta | status contacted
searching number 8861172727
client not found in branch_id 3780, thane


lead_id 200 | Jeenal Shravan | status new
searching number 8879067774
skipped: no Dingg session for branch_id 5000, Kharghar


lead_id 201 | Guransh Singh Kohli | status follow_up
searching number 7700923553
client not found in branch_id 3781, Mulund


lead_id 202 | Vk Thakker | status contacted
searching number 9821073736
client not found in branch_id 3780, thane


lead_id 204 | Abdul Mustaqeem | status follow_up
searching number 9987505458
client not found in branch_id 3000, andheri_east_marol


lead_id 205 | Pratik Mhatre | status contacted
searching number 9769396270
client not found in branch_id 3782, navi mumbai - seawoods


lead_id 206 | Akash Mishra | status contacted
searching number 9321739438
client not found in branch_id 3780, thane


lead_id 207 | Rajendra Bhosale | status contacted
searching number 9619313222
client not found in branch_id 3780, thane


lead_id 208 | नरेंद्रसिघं राठोडं | status new
searching number 7506185564
client not found in branch_id 4507, andheri west lokhandwala


lead_id 209 | Amit Bharti | status contacted
searching number 9820286997
client not found in branch_id 3780, thane


lead_id 210 | Hitesh Mistry | status contacted
searching number 7666441989
client not found in branch_id 3780, thane


lead_id 212 | Jimit Mull | status contacted
searching number 9821388082
client not found in branch_id 2973, borivali


lead_id 215 | Suraj Gupta | status follow_up
searching number 9537942354
client not found in branch_id 4456, Boisar


lead_id 216 | Iqbal Pathan | status contacted
searching number 8879927992
client not found in branch_id 4456, Boisar


lead_id 217 | Abhishek | status follow_up
searching number 8094006294
client not found in branch_id 4456, branch#4456


lead_id 218 | tejas | status follow_up
searching number 9156982306
skipped: no Dingg session for branch_id 5001, palghar


lead_id 219 | Vivek Agrawal | status follow_up
searching number 8149344111
skipped: no Dingg session for branch_id 5001, palghar


lead_id 220 | nikhil | status follow_up
searching number 9552056118
client not found in branch_id 4456, boisar


lead_id 221 | Harish Nikam | status follow_up
searching number 9673209774
skipped: no Dingg session for branch_id 5001, palghar


lead_id 222 | Shahrukh Khâñ | status contacted
searching number 9158386440
client not found in branch_id 4456, boisar


lead_id 223 | Rakesh Mishra | status follow_up
searching number 7873748153
client not found in branch_id 4456, boisar


lead_id 224 | Vishal Jain | status follow_up
searching number 9970509877
client not found in branch_id 4456, boisar


lead_id 225 | Akhtar Ali Shah | status contacted
searching number 9325588495
client not found in branch_id 4456, boisar


lead_id 226 | \<test lead\: dummy data for full name\> | status new
searching number (empty)
skipped: invalid mobile number


lead_id 227 | \<test lead\: dummy data for full name\> | status new
searching number (empty)
skipped: invalid mobile number


lead_id 228 | Akash | status new
searching number 8419976847
client not found in branch_id 4651, thanevartaknagar


lead_id 229 | Rahul Patil | status follow_up
searching number 9834257464
client not found in branch_id 4456, boisar


lead_id 230 | Eknishtha Desale | status contacted
searching number 9579344625
skipped: no Dingg session for branch_id 5001, palghar


lead_id 231 | Sovani YOGESH | status contacted
searching number 9820080397
client not found in branch_id 4651, thanevartaknagar


lead_id 232 | Jagdish Jain | status contacted
searching number 9822400204
skipped: no Dingg session for branch_id 5001, palghar


lead_id 234 | JAYESH CHOUDHARY | status contacted
searching number 9769463338
client not found in branch_id 4456, boisar


lead_id 236 | Dhiraj Patil | status follow_up
searching number 9767146491
skipped: no Dingg session for branch_id 5001, palghar


lead_id 237 | Bharat Patel | status follow_up
searching number 9225107233
skipped: no Dingg session for branch_id 5001, palghar


lead_id 238 | Rakesh Baraskar | status contacted
searching number 9221848645
client not found in branch_id 4651, thanevartaknagar


lead_id 239 | Mahesh | status new
searching number 8108989999
client not found in branch_id 4651, thanevartaknagar


lead_id 240 | Shrihari Nalawde | status new
searching number 8652069056
client not found in branch_id 4651, thanevartaknagar


lead_id 241 | Anjali P Yogi | status contacted
searching number 9881607982
client not found in branch_id 4456, boisar


lead_id 242 | Vinit Panchal | status follow_up
searching number 9834028270
skipped: no Dingg session for branch_id 5001, palghar


lead_id 243 | shantanu joshi | status new
searching number 8828373955
client not found in branch_id 4651, thanevartaknagar


lead_id 244 | Rajesh Kumar Vachhani | status follow_up
searching number 9823074175
skipped: no Dingg session for branch_id 5001, palghar


lead_id 245 | Joydip Sengupta | status contacted
searching number 9681632001
client not found in branch_id 4651, thanevartaknagar


lead_id 246 | Sanket Patil | status follow_up
searching number 9890059268
skipped: no Dingg session for branch_id 5001, palghar


lead_id 247 | Sujay Mahimkar | status contacted
searching number 9821375537
client not found in branch_id 4651, thanevartaknagar


lead_id 248 | Avinash Sinha | status contacted
searching number 7506927973
client not found in branch_id 4651, thanevartaknagar


lead_id 249 | Vikas Auti | status contacted
searching number 9653472582
client not found in branch_id 4651, thanevartaknagar


lead_id 250 | Vinay Shetty | status contacted
searching number 9821187799
client not found in branch_id 4651, thanevartaknagar


lead_id 251 | Moses Kalsekar | status booked
searching number 8308308463
client not found in branch_id 4651, thanevartaknagar


lead_id 252 | Hitesh Mistry | status contacted
searching number 7666441989
client not found in branch_id 4651, thanevartaknagar


lead_id 253 | Pratu | status contacted
searching number 8800582314
found client in branch_id 4651, thanevartaknagar
found invoice 2026-07-21, amount  - Rs. 2000.00


lead_id 254 | Sameer Oka | status contacted
searching number 9821536895
client not found in branch_id 4651, thanevartaknagar


lead_id 255 | Rahul Turkar | status contacted
searching number 8080909040
client not found in branch_id 4651, thanevartaknagar


lead_id 256 | Kailas Harad | status contacted
searching number 8692014966
client not found in branch_id 4651, thanevartaknagar


lead_id 258 | Rahul Pawar | status booked
searching number 9769058880
client not found in branch_id 4651, thanevartaknagar


lead_id 259 | priti | status contacted
searching number 9619592144
client not found in branch_id 4651, thanevartaknagar


lead_id 260 | Gunjan Gunjan | status contacted
searching number 8369562218
client not found in branch_id 4651, thanevartaknagar


lead_id 262 | Mahesh Parihar | status follow_up
searching number 9765954573
client not found in branch_id 4456, boisar


lead_id 263 | \<test lead\: dummy data for full name\> | status new
searching number (empty)
skipped: invalid mobile number


lead_id 264 | Mohan to | status contacted
searching number 9820608138
client not found in branch_id 4651, thanevartaknagar


lead_id 265 | Abdul Rehman | status contacted
searching number 9029074816
client not found in branch_id 4651, thanevartaknagar


lead_id 268 | Ashfaque Ahmed | status follow_up
searching number 9773516393
skipped: no Dingg session for branch_id 5001, palghar


lead_id 271 | Manoj Bafna | status contacted
searching number 9867890845
client not found in branch_id 3782, navi mumbai - seawoods


lead_id 275 | Ashok Palan | status booked
searching number 9833528999
client not found in branch_id 4651, thanevartaknagar


lead_id 276 | Sunil Jajoo | status contacted
searching number 9821033741
client not found in branch_id 4651, thanevartaknagar


lead_id 278 | Avinash Manjrekar | status contacted
searching number 9480694913
client not found in branch_id 4651, thanevartaknagar


lead_id 280 | Chandan Prasad | status follow_up
searching number 8669166527
skipped: no Dingg session for branch_id 5001, palghar


lead_id 283 | Satish Wani | status contacted
searching number 7506398181
client not found in branch_id 4651, thanevartaknagar


lead_id 284 | Pralhad Kshatriya | status contacted
searching number 9921226117
client not found in branch_id 4456, boisar


lead_id 285 | Hitesh Jain | status contacted
searching number 9529686143
client not found in branch_id 4456, boisar


lead_id 287 | Suresh Dikhole | status contacted
searching number 9819671551
client not found in branch_id 4651, thanevartaknagar


lead_id 289 | Shashank Sant | status contacted
searching number 9820032758
client not found in branch_id 4651, thanevartaknagar


lead_id 290 | Mahesh Lokesh | status contacted
searching number 8169517078
client not found in branch_id 3782, navi mumbai - seawoods


lead_id 291 | Yes I am Ayesha  Pathan,  Queen of my own world | status contacted
searching number 9967156652
client not found in branch_id 4651, thanevartaknagar


lead_id 292 | Jobin George | status contacted
searching number 7041074317
client not found in branch_id 4651, thanevartaknagar


lead_id 294 | Nilesh K Patani | status contacted
searching number 9819375739
client not found in branch_id 4651, thanevartaknagar


lead_id 296 | Ajit Pradhan | status contacted
searching number 9930059340
client not found in branch_id 4651, thanevartaknagar


lead_id 297 | Vivek Dandekar | status contacted
searching number 9324792828
client not found in branch_id 4651, thanevartaknagar


lead_id 300 | Manali Thakoor | status contacted
searching number 9137182986
client not found in branch_id 4651, thanevartaknagar


lead_id 301 | Ajay | status contacted
searching number 9730049098
client not found in branch_id 4651, thanevartaknagar


lead_id 302 | Deepa Ganneri | status contacted
searching number 9619844080
client not found in branch_id 4651, thanevartaknagar


lead_id 303 | Saimirra | status contacted
searching number 9867083252
client not found in branch_id 3782, navi mumbai - seawoods


lead_id 305 | Berjiis Gilder | status contacted
searching number 9820651533
client not found in branch_id 4651, thanevartaknagar


lead_id 306 | Irfan Tamboli | status contacted
searching number 9673528701
client not found in branch_id 4651, thanevartaknagar


lead_id 308 | Sunita Wadekar | status follow_up
searching number 8850502025
client not found in branch_id 3782, navi mumbai - seawoods


lead_id 309 | Padmakumar S | status follow_up
searching number 9048061199
client not found in branch_id 3782, navi mumbai - seawoods


lead_id 310 | Rahul pralhad Kumbhar | status contacted
searching number 9137250251
client not found in branch_id 4651, thanevartaknagar


lead_id 311 | \<test lead\: dummy data for full name\> | status new
searching number (empty)
skipped: invalid mobile number


lead_id 312 | N Viswanathan Iyer | status contacted
searching number 9820540050
client not found in branch_id 4651, thanevartaknagar


lead_id 313 | pradeep kadam | status contacted
searching number 9223566460
client not found in branch_id 4651, thanevartaknagar


lead_id 314 | Ashok Mehta | status contacted
searching number 9820659787
client not found in branch_id 4651, thanevartaknagar


lead_id 317 | baliram Gairola | status contacted
searching number 7506249238
client not found in branch_id 4651, thanevartaknagar


lead_id 318 | Vishal Khakal | status contacted
searching number 8779136719
client not found in branch_id 4651, thanevartaknagar


lead_id 319 | Podugu Sandeep | status new
searching number 9692358612
client not found in branch_id 4507, andheri west lokhandwala


lead_id 320 | Kapil Patil | status contacted
searching number 9270040042
client not found in branch_id 4651, thanevartaknagar


lead_id 321 | Panchal Gajanan | status new
searching number 8805982143
client not found in branch_id 4507, andheri west lokhandwala


===== lead_conversions run end: 2026-07-25 09:36:14 | processed=271 | skipped_status=41 =====
